
> copy-of-youtube-monetization-checker@0.0.0 build
> vite build

[36mvite v6.4.1 [32mbuilding for production...[36m[39m
transforming...
[32mΓ£ô[39m 2631 modules transformed.
node.exe : 
[31mΓ£ù[39m Build 
failed in 8.61s
At line:1 char:1
+ & "C:\Program Files\
nodejs/node.exe" 
"C:\Program 
Files\nodejs/node_mo 
...
+ ~~~~~~~~~~~~~~~~~~~~
~~~~~~~~~~~~~~~~~~~~~~
~~~~~~~~~~~~~~~~~~~~~~
~~~~~
    + CategoryInfo    
          : NotSpeci  
  fied: ([31mΓ£ù[   
 39m Build failed     
in 8.61s:String)     
[], RemoteExcepti    
on
    + FullyQualifiedE 
   rrorId : NativeCo  
  mmandError
 
[31merror during 
build:
[31mcomponents/AIChat
Assistant.tsx (4:9): 
"startAIChat" is not 
exported by 
"geminiService.ts", 
imported by "component
s/AIChatAssistant.tsx"
.[31m
file: [36mC:/xampp/ht
docs/xampp/yt-Monitizo
n--main/yt-Monitizon--
main/components/AIChat
Assistant.tsx:4:9[31m
[33m
2: import React, { 
useState, useRef, 
useEffect } from 
'react';
3: import { useApp } 
from '../App';
4: import { 
startAIChat } from 
'../geminiService';
            ^
5: import { GenerateCo
ntentResponse } from 
'@google/genai';
[31m
    at getRollupError 
(file:///C:/xampp/htdo
cs/xampp/yt-Monitizon-
-main/yt-Monitizon--ma
in/node_modules/rollup
/dist/es/shared/parseA
st.js:401:41)
    at error (file:///
C:/xampp/htdocs/xampp/
yt-Monitizon--main/yt-
Monitizon--main/node_m
odules/rollup/dist/es/
shared/parseAst.js:397
:42)
    at Module.error (f
ile:///C:/xampp/htdocs
/xampp/yt-Monitizon--m
ain/yt-Monitizon--main
/node_modules/rollup/d
ist/es/shared/node-ent
ry.js:17022:16)
    at 
Module.traceVariable (
file:///C:/xampp/htdoc
s/xampp/yt-Monitizon--
main/yt-Monitizon--mai
n/node_modules/rollup/
dist/es/shared/node-en
try.js:17478:29)
    at ModuleScope.fin
dVariable (file:///C:/
xampp/htdocs/xampp/yt-
Monitizon--main/yt-Mon
itizon--main/node_modu
les/rollup/dist/es/sha
red/node-entry.js:1514
1:39)
    at ReturnValueScop
e.findVariable (file:/
//C:/xampp/htdocs/xamp
p/yt-Monitizon--main/y
t-Monitizon--main/node
_modules/rollup/dist/e
s/shared/node-entry.js
:5688:38)
    at FunctionBodySco
pe.findVariable (file:
///C:/xampp/htdocs/xam
pp/yt-Monitizon--main/
yt-Monitizon--main/nod
e_modules/rollup/dist/
es/shared/node-entry.j
s:5688:38)
    at ReturnValueScop
e.findVariable (file:/
//C:/xampp/htdocs/xamp
p/yt-Monitizon--main/y
t-Monitizon--main/node
_modules/rollup/dist/e
s/shared/node-entry.js
:5688:38)
    at FunctionBodySco
pe.findVariable (file:
///C:/xampp/htdocs/xam
pp/yt-Monitizon--main/
yt-Monitizon--main/nod
e_modules/rollup/dist/
es/shared/node-entry.j
s:5688:38)
    at TrackingScope.f
indVariable (file:///C
:/xampp/htdocs/xampp/y
t-Monitizon--main/yt-M
onitizon--main/node_mo
dules/rollup/dist/es/s
hared/node-entry.js:56
88:38)[39m
