components/AIChatAssistant.tsx(4,10): error TS2305: Module '"../geminiService"' has no exported member 'startAIChat'.
Disclaimer.tsx(3,27): error TS2307: Cannot find module '../components/AdPlaceholder' or its corresponding type declarations.
Header.tsx(2,24): error TS2307: Cannot find module '../App' or its corresponding type declarations.
pages/PolicyCheck.tsx(6,10): error TS2305: Module '"../geminiService"' has no exported member 'auditVideoPolicy'.
pages/VideoTranscriber.tsx(6,10): error TS2305: Module '"../geminiService"' has no exported member 'generateVideoTranscript'.
